\BOOKMARK [1][-]{section.1}{\376\377\0001\000\040\000B\000r\000a\000i\000n\000s\000t\000e\000l\000l\000a\000r\000\040\040\024\000\040\000P\000r\000o\000b\000a\000b\000i\000l\000i\000t\000y}{}% 1
\BOOKMARK [2][-]{subsection.1.1}{\376\377\0001\000.\0001\000\040\000R\000o\000l\000l\000i\000n\000g\000\040\000t\000h\000e\000\040\000B\000u\000l\000l\000e\000t}{section.1}% 2
\BOOKMARK [2][-]{subsection.1.2}{\376\377\0001\000.\0002\000\040\000L\000u\000c\000k\000y\000\040\000C\000a\000n\000d\000y}{section.1}% 3
\BOOKMARK [2][-]{subsection.1.3}{\376\377\0001\000.\0003\000\040\000A\000l\000l\000\040\000G\000i\000r\000l\000s\000\040\000W\000o\000r\000l\000d\000?}{section.1}% 4
\BOOKMARK [2][-]{subsection.1.4}{\376\377\0001\000.\0004\000\040\000H\000a\000l\000f\000\040\000T\000i\000m\000e}{section.1}% 5
\BOOKMARK [2][-]{subsection.1.5}{\376\377\0001\000.\0005\000\040\000M\000o\000n\000t\000y\000\040\000H\000a\000l\000l\000\040\000P\000r\000o\000b\000l\000e\000m}{section.1}% 6
\BOOKMARK [2][-]{subsection.1.6}{\376\377\0001\000.\0006\000\040\000U\000n\000b\000i\000a\000s\000e\000d\000\040\000C\000o\000i\000n}{section.1}% 7
\BOOKMARK [2][-]{subsection.1.7}{\376\377\0001\000.\0007\000\040\000Y\000o\000u\000\040\000H\000a\000v\000e\000\040\000a\000\040\000T\000r\000a\000i\000n\000\040\000t\000o\000\040\000C\000a\000t\000c\000h}{section.1}% 8
\BOOKMARK [2][-]{subsection.1.8}{\376\377\0001\000.\0008\000\040\000I\000n\000v\000i\000s\000i\000b\000l\000e\000\040\000D\000i\000c\000e}{section.1}% 9
\BOOKMARK [2][-]{subsection.1.9}{\376\377\0001\000.\0009\000\040\000D\000a\000u\000g\000h\000t\000e\000r\000\040\000o\000r\000\040\000S\000o\000n}{section.1}% 10
\BOOKMARK [2][-]{subsection.1.10}{\376\377\0001\000.\0001\0000\000\040\000F\000a\000t\000h\000e\000r\000\040\000o\000f\000\040\000L\000i\000e\000s}{section.1}% 11
\BOOKMARK [2][-]{subsection.1.11}{\376\377\0001\000.\0001\0001\000\040\000W\000i\000t\000c\000h\000e\000s\000\040\000a\000t\000\040\000t\000h\000e\000\040\000C\000o\000f\000f\000e\000e\000\040\000S\000h\000o\000p}{section.1}% 12
\BOOKMARK [2][-]{subsection.1.12}{\376\377\0001\000.\0001\0002\000\040\000H\000a\000l\000f\000\040\000H\000e\000a\000d\000s}{section.1}% 13
\BOOKMARK [2][-]{subsection.1.13}{\376\377\0001\000.\0001\0003\000\040\000D\000r\000u\000n\000k\000\040\000P\000a\000s\000s\000e\000n\000g\000e\000r}{section.1}% 14
\BOOKMARK [2][-]{subsection.1.14}{\376\377\0001\000.\0001\0004\000\040\000S\000t\000i\000c\000k\000\040\000t\000o\000\040\000T\000r\000i\000a\000n\000g\000l\000e}{section.1}% 15
\BOOKMARK [1][-]{section.2}{\376\377\0002\000\040\000P\000r\000o\000b\000a\000b\000i\000l\000i\000t\000y\000\040\040\024\000\040\000P\000r\000o\000f\000\040\000M\000i\000h\000a\000i\000\040\000N\000i\000c\000a}{}% 16
\BOOKMARK [2][-]{subsection.2.1}{\376\377\0002\000.\0001\000\040\000B\000i\000r\000t\000h\000d\000a\000y\000\040\000P\000a\000r\000a\000d\000o\000x}{section.2}% 17
\BOOKMARK [2][-]{subsection.2.2}{\376\377\0002\000.\0002\000\040\000T\000u\000e\000s\000d\000a\000y\000\040\000P\000r\000o\000b\000l\000e\000m}{section.2}% 18
\BOOKMARK [2][-]{subsection.2.3}{\376\377\0002\000.\0003\000\040\000M\000i\000n\000i\000m\000u\000m\000\040\000o\000f\000\040\000t\000w\000o\000\040\000U\000n\000i\000f\000o\000r\000m\000\040\000R\000V\000s}{section.2}% 19
\BOOKMARK [2][-]{subsection.2.4}{\376\377\0002\000.\0004\000\040\000D\000a\000r\000t\000h\000\040\000W\000a\000d\000e\000r\000\040\000R\000u\000l\000e}{section.2}% 20
\BOOKMARK [2][-]{subsection.2.5}{\376\377\0002\000.\0005\000\040\000R\000a\000n\000d\000o\000m\000\040\000W\000a\000l\000k\000s}{section.2}% 21
